../Core/Src/main.c:72:5:main	8	static
../Core/Src/main.c:120:6:SystemClock_Config	72	static
../Core/Src/main.c:160:13:MX_TIM2_Init	48	static
../Core/Src/main.c:218:13:MX_TIM3_Init	64	static
../Core/Src/main.c:277:13:MX_GPIO_Init	40	static
../Core/Src/main.c:325:6:HAL_GPIO_EXTI_Callback	16	static
../Core/Src/main.c:345:6:PWM_MOTOR_OFF	4	static
../Core/Src/main.c:355:6:HAL_TIM_IC_CaptureCallback	16	static
../Core/Src/main.c:366:6:HAL_TIM_PeriodElapsedCallback	16	static
../Core/Src/main.c:382:6:Error_Handler	4	static,ignoring_inline_asm
