21:58:03 **** Incremental Build of configuration Debug for project motor-controller ****
make -j8 all 
arm-none-eabi-gcc "../Core/Src/main.c" -mcpu=cortex-m3 -std=gnu11 -g3 -DDEBUG -DUSE_HAL_DRIVER -DSTM32F103xB -c -I../Core/Inc -I../Drivers/STM32F1xx_HAL_Driver/Inc/Legacy -I../Drivers/STM32F1xx_HAL_Driver/Inc -I../Drivers/CMSIS/Device/ST/STM32F1xx/Include -I../Drivers/CMSIS/Include -O0 -ffunction-sections -fdata-sections -Wall -fstack-usage -fcyclomatic-complexity -MMD -MP -MF"Core/Src/main.d" -MT"Core/Src/main.o" --specs=nano.specs -mfloat-abi=soft -mthumb -o "Core/Src/main.o"
../Core/Src/main.c: In function 'HAL_GPIO_EXTI_Callback':
../Core/Src/main.c:341:17: warning: implicit declaration of function 'PWM_MOTOR_OFF' [-Wimplicit-function-declaration]
  341 |                 PWM_MOTOR_OFF();
      |                 ^~~~~~~~~~~~~
../Core/Src/main.c: At top level:
../Core/Src/main.c:345:6: warning: conflicting types for 'PWM_MOTOR_OFF'; have 'void()'
  345 | void PWM_MOTOR_OFF () {
      |      ^~~~~~~~~~~~~
../Core/Src/main.c:341:17: note: previous implicit declaration of 'PWM_MOTOR_OFF' with type 'void()'
  341 |                 PWM_MOTOR_OFF();
      |                 ^~~~~~~~~~~~~
arm-none-eabi-gcc -o "motor-controller.elf" @"objects.list"   -mcpu=cortex-m3 -T"E:\Projects\aevocode_assg\motor-controller\motor-controller\STM32F103C8TX_FLASH.ld" --specs=nosys.specs -Wl,-Map="motor-controller.map" -Wl,--gc-sections -static --specs=nano.specs -mfloat-abi=soft -mthumb -Wl,--start-group -lc -lm -Wl,--end-group
Finished building target: motor-controller.elf
 
arm-none-eabi-size   motor-controller.elf 
arm-none-eabi-objdump -h -S  motor-controller.elf  > "motor-controller.list"
   text	   data	    bss	    dec	    hex	filename
  10824	     24	   1744	  12592	   3130	motor-controller.elf
Finished building: default.size.stdout
 
Finished building: motor-controller.list
 
21:58:07 **** Incremental Build of configuration Debug for project motor-controller ****
make -j8 all 
arm-none-eabi-size   motor-controller.elf 
   text	   data	    bss	    dec	    hex	filename
  10824	     24	   1744	  12592	   3130	motor-controller.elf
Finished building: default.size.stdout
 
21:59:04 **** Incremental Build of configuration Debug for project motor-controller ****
make -j8 all 
arm-none-eabi-gcc "../Core/Src/main.c" -mcpu=cortex-m3 -std=gnu11 -g3 -DDEBUG -DUSE_HAL_DRIVER -DSTM32F103xB -c -I../Core/Inc -I../Drivers/STM32F1xx_HAL_Driver/Inc/Legacy -I../Drivers/STM32F1xx_HAL_Driver/Inc -I../Drivers/CMSIS/Device/ST/STM32F1xx/Include -I../Drivers/CMSIS/Include -O0 -ffunction-sections -fdata-sections -Wall -fstack-usage -fcyclomatic-complexity -MMD -MP -MF"Core/Src/main.d" -MT"Core/Src/main.o" --specs=nano.specs -mfloat-abi=soft -mthumb -o "Core/Src/main.o"
../Core/Src/main.c: In function 'HAL_GPIO_EXTI_Callback':
../Core/Src/main.c:341:17: warning: implicit declaration of function 'PWM_MOTOR_OFF' [-Wimplicit-function-declaration]
  341 |                 PWM_MOTOR_OFF();
      |                 ^~~~~~~~~~~~~
../Core/Src/main.c: At top level:
../Core/Src/main.c:345:6: warning: conflicting types for 'PWM_MOTOR_OFF'; have 'void()'
  345 | void PWM_MOTOR_OFF () {
      |      ^~~~~~~~~~~~~
../Core/Src/main.c:341:17: note: previous implicit declaration of 'PWM_MOTOR_OFF' with type 'void()'
  341 |                 PWM_MOTOR_OFF();
      |                 ^~~~~~~~~~~~~
arm-none-eabi-gcc -o "motor-controller.elf" @"objects.list"   -mcpu=cortex-m3 -T"E:\Projects\aevocode_assg\motor-controller\motor-controller\STM32F103C8TX_FLASH.ld" --specs=nosys.specs -Wl,-Map="motor-controller.map" -Wl,--gc-sections -static --specs=nano.specs -mfloat-abi=soft -mthumb -Wl,--start-group -lc -lm -Wl,--end-group
Finished building target: motor-controller.elf
 
arm-none-eabi-size   motor-controller.elf 
arm-none-eabi-objdump -h -S  motor-controller.elf  > "motor-controller.list"
   text	   data	    bss	    dec	    hex	filename
  10812	     24	   1744	  12580	   3124	motor-controller.elf
Finished building: default.size.stdout
 
Finished building: motor-controller.list
 
22:01:15 **** Incremental Build of configuration Debug for project motor-controller ****
make -j8 all 
arm-none-eabi-size   motor-controller.elf 
   text	   data	    bss	    dec	    hex	filename
  10812	     24	   1744	  12580	   3124	motor-controller.elf
Finished building: default.size.stdout
 
22:02:03 **** Incremental Build of configuration Debug for project motor-controller ****
make -j8 all 
arm-none-eabi-size   motor-controller.elf 
   text	   data	    bss	    dec	    hex	filename
  10812	     24	   1744	  12580	   3124	motor-controller.elf
Finished building: default.size.stdout
 
22:03:05 **** Incremental Build of configuration Debug for project motor-controller ****
make -j8 all 
arm-none-eabi-size   motor-controller.elf 
   text	   data	    bss	    dec	    hex	filename
  10812	     24	   1744	  12580	   3124	motor-controller.elf
Finished building: default.size.stdout
 
